Fetching Oct 2022 (https://web.archive.org/web/20221022213729/https://www.pendo.io/)...
Fetching Feb 2023 (https://web.archive.org/web/20230209114429/https://www.pendo.io/)...
Fetching Jun 2023 (https://web.archive.org/web/20230617214543/https://www.pendo.io/)...
{
  "Oct 2022": {
    "title": "Pendo.io - Product Experience and Digital Adoption Solutions",
    "description": "Pendo\u2019s product experience and digital adoption solutions help companies become product-led and deliver digital experiences users love.",
    "canonical": "https://web.archive.org/web/20221022213907/https://www.pendo.io/",
    "h1s": [
      "Software that makes your software better"
    ],
    "h2s": [
      "Drive growth, efficiently",
      "The Pendo Product Adoption Platform",
      "Pendo helps you"
    ],
    "external_scripts": [],
    "gtm_scripts": [],
    "data_attributes": [
      "data-cfasync",
      "data-url",
      "data-off-canvas-content",
      "data-accordion-menu",
      "data-domain-script",
      "data-feather"
    ],
    "roles": [
      "navigation",
      "banner",
      "contentinfo",
      "main",
      "search"
    ],
    "component_classes": [
      "accordion-menu",
      "c-logo",
      "card-bottom",
      "card__shadow",
      "closebtn",
      "component__content-1col",
      "component__content-1col--first",
      "component__content-1col--headline",
      "component__content-1col--hp-integrations",
      "component__content-1col--text",
      "component__content-1col--wrapper",
      "component__content-2col",
      "component__content-2col--first",
      "component__content-2col--left-copy",
      "component__content-2col--left-headline",
      "component__content-2col--left-image",
      "component__content-2col--right-copy",
      "component__content-2col--right-headline",
      "component__content-2col--right-image",
      "component__content-2col--second",
      "component__content-2col--wrapper",
      "drawer-footer__link",
      "footer",
      "footer__col",
      "footer__col--item",
      "footer__col--li",
      "footer__col--title",
      "footer__flex--headline",
      "footer__flex--logo",
      "footer__flex--message",
      "footer__flex--wrapper",
      "footer__legal--cr",
      "footer__legal--phone",
      "footer__legal--pp",
      "footer__legal--tos",
      "footer__legal--wrapper",
      "footer__menu",
      "full__cta",
      "grid-container",
      "grid-margin-x"
    ],
    "ids": [
      "top-bar-menu",
      "megaMenu",
      "footerWrap",
      "wm-nav-captures",
      "wp-block-library-css"
    ]
  },
  "Feb 2023": {
    "title": "Pendo.io - Product Experience and Digital Adoption Solutions",
    "description": "Pendo\u2019s product experience and digital adoption solutions help companies become product led and deliver digital experiences users love.",
    "canonical": "https://web.archive.org/web/20230209080652/https://www.pendo.io/",
    "h1s": [
      "Why settle for just  analytics?                                                                                                             in-app guides?                                                                                      feedback?",
      "15%",
      "30%",
      "5%"
    ],
    "h2s": [
      "Software experiences for your customers",
      "The digital workplace for your employees",
      "Schedule a demo",
      "Tour the product",
      "Try Pendo for free"
    ],
    "external_scripts": [],
    "gtm_scripts": [],
    "data_attributes": [
      "data-glide-el",
      "data-cfasync",
      "data-url",
      "data-fade",
      "data-label",
      "data-tab-content",
      "data-tab-group",
      "data-modal",
      "data-glide-dir",
      "data-fade-in-up",
      "data-domain-script",
      "data-prefix",
      "data-tab",
      "data-toggled"
    ],
    "roles": [
      "button",
      "navigation",
      "document",
      "banner",
      "none",
      "contentinfo"
    ],
    "component_classes": [
      "after:block",
      "before:block",
      "block",
      "c-card-nav",
      "c-card-nav-item",
      "c-card-nav-item__content",
      "c-card-nav-item__media",
      "c-header__menus",
      "c-logo",
      "c-menu-toggle",
      "c-primary-nav",
      "c-primary-nav__list",
      "c-primary-nav__list-item",
      "c-primary-nav__list-item-toggle",
      "c-primary-nav__subnav",
      "c-primary-nav__subnav--2col",
      "c-primary-nav__subnav--2col-2cards",
      "c-primary-nav__subnav--2col-2cards-split",
      "c-primary-nav__subnav--4col",
      "c-primary-nav__subnav--4col-wide-secondary",
      "c-primary-nav__subnav--primary",
      "c-primary-nav__subnav--secondary",
      "c-primary-nav__subnav-container",
      "c-primary-nav__subnav-group",
      "c-primary-nav__subnav-heading",
      "c-primary-nav__subnav-item",
      "c-primary-nav__subnav-item-icon",
      "c-primary-nav__subnav-item-text",
      "c-primary-nav__subnav-list",
      "c-primary-nav__subnav-list--split",
      "c-quick-start-menu",
      "c-quick-start-menu-toggle",
      "c-utility-nav",
      "c-utility-nav__list",
      "c-utility-nav__list-item",
      "grid",
      "grid-cols-1",
      "hero-animation",
      "hero-text-animation",
      "inline-block"
    ],
    "ids": [
      "modal-close",
      "tab-carousel-customers",
      "tab-carousel-employees",
      "wm-nav-captures",
      "scroll-block-video-modal",
      "wp-block-library-css"
    ]
  },
  "Jun 2023": {
    "title": "Pendo.io - Product Experience and Digital Adoption Solutions",
    "description": "Pendo\u2019s product experience and digital adoption solutions help companies become product led and deliver digital experiences users love.",
    "canonical": "https://web.archive.org/web/20230618023055/https://www.pendo.io/",
    "h1s": [
      "Software connects your product to the world",
      "15%",
      "30%",
      "5%"
    ],
    "h2s": [
      "Start improving software experiences for your customers",
      "Start optimizing the digital workplace for your employees",
      "Are you a startup?"
    ],
    "external_scripts": [],
    "gtm_scripts": [],
    "data_attributes": [
      "data-glide-el",
      "data-cfasync",
      "data-url",
      "data-fade",
      "data-label",
      "data-tab-content",
      "data-tab-group",
      "data-modal",
      "data-glide-dir",
      "data-fade-in-up",
      "data-domain-script",
      "data-prefix",
      "data-tab",
      "data-toggled"
    ],
    "roles": [
      "button",
      "navigation",
      "document",
      "banner",
      "none",
      "contentinfo"
    ],
    "component_classes": [
      "after:block",
      "before:block",
      "block",
      "c-card-nav",
      "c-card-nav-item",
      "c-card-nav-item__content",
      "c-card-nav-item__media",
      "c-header__menus",
      "c-logo",
      "c-menu-toggle",
      "c-primary-nav",
      "c-primary-nav__list",
      "c-primary-nav__list-item",
      "c-primary-nav__list-item-toggle",
      "c-primary-nav__subnav",
      "c-primary-nav__subnav--2col",
      "c-primary-nav__subnav--2col-2cards",
      "c-primary-nav__subnav--2col-2cards-split",
      "c-primary-nav__subnav--4col",
      "c-primary-nav__subnav--4col-wide-secondary",
      "c-primary-nav__subnav--primary",
      "c-primary-nav__subnav--secondary",
      "c-primary-nav__subnav-container",
      "c-primary-nav__subnav-group",
      "c-primary-nav__subnav-heading",
      "c-primary-nav__subnav-item",
      "c-primary-nav__subnav-item-icon",
      "c-primary-nav__subnav-item-text",
      "c-primary-nav__subnav-list",
      "c-primary-nav__subnav-list--split",
      "c-utility-nav",
      "c-utility-nav__list",
      "c-utility-nav__list-item",
      "grid",
      "grid-cols-1",
      "hero-heading",
      "hero-left-image",
      "hero-text-animation",
      "inline-block",
      "js-tab"
    ],
    "ids": [
      "modal-close",
      "blocker",
      "tab-carousel-customers",
      "tab-carousel-employees",
      "wm-nav-captures",
      "scroll-block-video-modal",
      "wp-block-library-css"
    ]
  }
}
