
Fetching Master_LeadGen_HV...
  Success: 0 mkto metas, 0 mkto containers, Form: []

Fetching Master_LeadGen_HVA...
  Success: 0 mkto metas, 0 mkto containers, Form: []

Fetching Master_LeadGen_Onboarding...
  Success: 0 mkto metas, 0 mkto containers, Form: []

Fetching Master_LeadGen_UTM_Growth...
  Success: 0 mkto metas, 0 mkto containers, Form: []

Fetching ThankYou_Template...
  Error: HTTP Error 404: NOT FOUND

Fetching ROI_Retention...
  Success: 0 mkto metas, 0 mkto containers, Form: []

Fetching ROI_Support...
  Success: 0 mkto metas, 0 mkto containers, Form: []

Fetching Webinar_Register...
  Success: 1 mkto metas, 1 mkto containers, Form: []

Fetching Ebook_Download...
  Success: 1 mkto metas, 1 mkto containers, Form: []

Fetching Pendomonium_Register...
  Success: 1 mkto metas, 1 mkto containers, Form: []

Saved to scratch/mkto_templates_analysis.json
