
--- Oct 2022 (20221022213729) ---
/web/20221022213907/https://www.pendo.io/digital-adoption/
/web/20221022213907/https://www.pendo.io/digital-adoption/drive-governance/
/web/20221022213907/https://www.pendo.io/digital-adoption/employee-productivity/
/web/20221022213907/https://www.pendo.io/digital-adoption/in-app-support/
/web/20221022213907/https://www.pendo.io/digital-adoption/personalization/
/web/20221022213907/https://www.pendo.io/digital-adoption/portfolio-management/
/web/20221022213907/https://www.pendo.io/product-experience/
/web/20221022213907/https://www.pendo.io/product-experience/feedback-collection/
/web/20221022213907/https://www.pendo.io/product-experience/in-app-support/
/web/20221022213907/https://www.pendo.io/product-experience/product-engagement/
/web/20221022213907/https://www.pendo.io/product-experience/revenue-growth/
/web/20221022213907/https://www.pendo.io/product-experience/user-onboarding/
/web/20221022213907/https://www.pendo.io/product/
/web/20221022213907/https://www.pendo.io/product/adopt/
/web/20221022213907/https://www.pendo.io/product/analytics
/web/20221022213907/https://www.pendo.io/product/analytics/
/web/20221022213907/https://www.pendo.io/product/engage/
/web/20221022213907/https://www.pendo.io/product/features/feature-adoption-analytics/
/web/20221022213907/https://www.pendo.io/product/features/nps/
/web/20221022213907/https://www.pendo.io/product/features/pendo-for-mobile/
/web/20221022213907/https://www.pendo.io/product/features/surveys-polls/
/web/20221022213907/https://www.pendo.io/product/feedback/
/web/20221022213907/https://www.pendo.io/product/in-app-guides/
/web/20221022213907/https://www.pendo.io/product/mobile/
/web/20221022213907/https://www.pendo.io/product/nps/
/web/20221022213907/https://www.pendo.io/product/roadmap/
https://www.pendo.io/digital-adoption/portfolio-management/

--- Feb 2023 (20230209114429) ---
/web/20230209080652/https://www.pendo.io/digital-adoption/change-management/
/web/20230209080652/https://www.pendo.io/digital-adoption/employee-experience/
/web/20230209080652/https://www.pendo.io/digital-adoption/employee-productivity/
/web/20230209080652/https://www.pendo.io/digital-adoption/governance-compliance/
/web/20230209080652/https://www.pendo.io/digital-adoption/in-app-support/
/web/20230209080652/https://www.pendo.io/digital-adoption/saas-portfolio-management/
/web/20230209080652/https://www.pendo.io/product-experience/in-app-support/
/web/20230209080652/https://www.pendo.io/product-experience/product-led-growth/
/web/20230209080652/https://www.pendo.io/product-experience/product-planning/
/web/20230209080652/https://www.pendo.io/product-experience/revenue-growth/
/web/20230209080652/https://www.pendo.io/product-experience/user-experience/
/web/20230209080652/https://www.pendo.io/product-experience/user-onboarding/
/web/20230209080652/https://www.pendo.io/product/adopt/
/web/20230209080652/https://www.pendo.io/product/analytics/
/web/20230209080652/https://www.pendo.io/product/analytics/#tab-scroll-block-features-employees
/web/20230209080652/https://www.pendo.io/product/engage/
/web/20230209080652/https://www.pendo.io/product/feedback/
/web/20230209080652/https://www.pendo.io/product/in-app-guides/
/web/20230209080652/https://www.pendo.io/product/in-app-guides/#tab-scroll-block-features-employees
/web/20230209080652/https://www.pendo.io/product/mobile/
/web/20230209080652/https://www.pendo.io/product/roadmap/
/web/20230209080652/https://www.pendo.io/product/saas-portfolio-insights/
/web/20230209080652/https://www.pendo.io/products/analytics/
/web/20230209080652/https://www.pendo.io/products/mobile/
/web/20230209080652/https://www.pendo.io/products/saas-portfolio-insights/

--- Jun 2023 (20230617214543) ---
/web/20230618023055/https://www.pendo.io/digital-adoption/change-management/
/web/20230618023055/https://www.pendo.io/digital-adoption/employee-experience/
/web/20230618023055/https://www.pendo.io/digital-adoption/employee-productivity/
/web/20230618023055/https://www.pendo.io/digital-adoption/governance-compliance/
/web/20230618023055/https://www.pendo.io/digital-adoption/in-app-support/
/web/20230618023055/https://www.pendo.io/digital-adoption/saas-portfolio-management/
/web/20230618023055/https://www.pendo.io/product-experience/in-app-support/
/web/20230618023055/https://www.pendo.io/product-experience/product-led-growth/
/web/20230618023055/https://www.pendo.io/product-experience/product-planning/
/web/20230618023055/https://www.pendo.io/product-experience/revenue-growth/
/web/20230618023055/https://www.pendo.io/product-experience/user-experience/
/web/20230618023055/https://www.pendo.io/product-experience/user-onboarding/
/web/20230618023055/https://www.pendo.io/product/adopt/
/web/20230618023055/https://www.pendo.io/product/analytics/
/web/20230618023055/https://www.pendo.io/product/analytics/#tab-scroll-block-features-employees
/web/20230618023055/https://www.pendo.io/product/engage/
/web/20230618023055/https://www.pendo.io/product/feedback/
/web/20230618023055/https://www.pendo.io/product/in-app-guides/
/web/20230618023055/https://www.pendo.io/product/in-app-guides/#tab-scroll-block-features-employees
/web/20230618023055/https://www.pendo.io/product/mobile/
/web/20230618023055/https://www.pendo.io/product/roadmap/
/web/20230618023055/https://www.pendo.io/product/saas-portfolio-insights/
/web/20230618023055/https://www.pendo.io/products/analytics/
/web/20230618023055/https://www.pendo.io/products/data-sync/
/web/20230618023055/https://www.pendo.io/products/mobile/
/web/20230618023055/https://www.pendo.io/products/saas-portfolio-insights/
